[2026-05-01 21:13:28] INFO __main__ — STEP 1 — Building feature matrix
[2026-05-01 21:17:44] INFO __main__ — STEP 1 — Building feature matrix
[2026-05-01 21:25:40] INFO __main__ — STEP 1 — Building feature matrix
[2026-05-01 21:29:31] INFO __main__ — ==================================================
[2026-05-01 21:29:31] INFO __main__ — STEP 1 - Building feature matrix
[2026-05-01 21:29:31] INFO __main__ — ==================================================
[2026-05-01 21:29:31] INFO __main__ — STEP 2 - Preprocessing & splitting
[2026-05-01 21:29:32] INFO __main__ — ==================================================
[2026-05-01 21:29:32] INFO __main__ — STEP 3 - Training XGBoost
[2026-05-01 21:29:36] INFO __main__ — Top 5 features: [('moisture_availability', 0.08361711353063583), ('pH_suitability', 0.06362001597881317), ('pH', 0.06016334891319275), ('K', 0.05982023477554321), ('P', 0.05927017331123352)]
[2026-05-01 21:35:47] INFO __main__ — ==================================================
[2026-05-01 21:35:47] INFO __main__ — STEP 1 - Building feature matrix
[2026-05-01 21:35:48] INFO __main__ — ==================================================
[2026-05-01 21:35:48] INFO __main__ — STEP 2 - Preprocessing & splitting
[2026-05-01 21:35:48] INFO __main__ — ==================================================
[2026-05-01 21:35:48] INFO __main__ — STEP 3 - Training XGBoost
[2026-05-01 21:35:52] INFO __main__ — Top 5 features: [('moisture_availability', 0.08478003740310669), ('pH_suitability', 0.06510217487812042), ('ndvi_trend', 0.06342490017414093), ('P', 0.06087617948651314), ('K', 0.06023603305220604)]
[2026-05-05 10:04:15] INFO __main__ — ==================================================
[2026-05-05 10:04:15] INFO __main__ — STEP 1 - Building feature matrix
[2026-05-05 10:04:15] INFO __main__ — ==================================================
[2026-05-05 10:04:15] INFO __main__ — STEP 2 - Preprocessing & splitting
[2026-05-05 10:08:30] INFO __main__ — ==================================================
[2026-05-05 10:08:30] INFO __main__ — STEP 1 - Building feature matrix
[2026-05-05 10:08:30] INFO __main__ — ==================================================
[2026-05-05 10:08:30] INFO __main__ — STEP 2 - Preprocessing & splitting
[2026-05-05 10:08:30] INFO __main__ — ==================================================
[2026-05-05 10:08:30] INFO __main__ — STEP 3 - Training XGBoost
[2026-05-05 10:11:31] INFO __main__ — ==================================================
[2026-05-05 10:11:31] INFO __main__ — STEP 1 - Building feature matrix
[2026-05-05 10:11:31] INFO __main__ — ==================================================
[2026-05-05 10:11:31] INFO __main__ — STEP 2 - Preprocessing & splitting
[2026-05-05 10:11:31] INFO __main__ — ==================================================
[2026-05-05 10:11:31] INFO __main__ — STEP 3 - Training XGBoost
[2026-05-05 10:15:12] INFO __main__ — ==================================================
[2026-05-05 10:15:12] INFO __main__ — STEP 1 - Building feature matrix
[2026-05-05 10:15:13] INFO __main__ — ==================================================
[2026-05-05 10:15:13] INFO __main__ — STEP 2 - Preprocessing & splitting
[2026-05-05 10:17:46] INFO __main__ — ==================================================
[2026-05-05 10:17:46] INFO __main__ — STEP 1 - Building feature matrix
[2026-05-05 10:17:46] INFO __main__ — ==================================================
[2026-05-05 10:17:46] INFO __main__ — STEP 2 - Preprocessing & splitting
[2026-05-05 10:17:46] INFO __main__ — ==================================================
[2026-05-05 10:17:46] INFO __main__ — STEP 3 - Training XGBoost
[2026-05-05 10:17:49] INFO __main__ — Top 5 features: [('solar_radiation', 0.1173793226480484), ('water_stress_index', 0.09174110740423203), ('humidity', 0.08844080567359924), ('temp_max', 0.08538176864385605), ('pH', 0.08255141973495483)]
